// Jest Snapshot v1, https://goo.gl/fbAQLP

exports[`OrganizationCard component matches the snapshot 1`] = `
<div
  className="OrganizationCard"
>
  <a
    href="/organization/1"
    onClick={[Function]}
  >
    <p>
      Test Organization
    </p>
    <p>
      Test description
    </p>
  </a>
</div>
`;
