// Jest Snapshot v1, https://goo.gl/fbAQLP

exports[`Organizations Directory Component matches the snapshot 1`] = `
<div
  companiesData={
    [
      {
        "company_details": "Details 1",
        "company_name": "Company 1",
        "company_username": "company1",
      },
      {
        "company_details": "Details 2",
        "company_name": "Company 2",
        "company_username": "company2",
      },
    ]
  }
  projectsData={
    [
      {
        "project_details": "Details 1",
        "project_name": "Project 1",
        "project_username": "project1",
      },
      {
        "project_details": "Details 2",
        "project_name": "Project 2",
        "project_username": "project2",
      },
    ]
  }
>
  Mock Header
</div>
`;
