// Jest Snapshot v1, https://goo.gl/fbAQLP

exports[`Profile Page matches the snapshot 1`] = `
<header
  aria-label="Main"
  className="flex items-center justify-between bg-customGreen-700 px-3 py-2 lg:px-12"
>
  <a
    className="text-3xl font-semibold text-white px-3 py-5 font-playfair"
    href="/"
  >
    Verdant Future
  </a>
  <nav>
    <ul
      className="hidden gap-8 md:flex text-white font-roboto"
    >
      <li>
        <a
          href="/about-us"
        >
          About us
        </a>
      </li>
      <li>
        <a
          href="/projects"
          onClick={[Function]}
        >
          Projects
        </a>
      </li>
      <li>
        <a
          href="/companies"
          onClick={[Function]}
        >
          Companies
        </a>
      </li>
      <li>
        <button
          onClick={[Function]}
        >
          Logout
        </button>
      </li>
      <li>
        <a
          className="bg-customGreen-800 px-4 py-2 rounded-xl"
          href="/profile/testUser"
          onClick={[Function]}
        >
          Dashboard
        </a>
      </li>
    </ul>
    <details
      className="flex md:hidden"
    >
      <summary
        className="bg-costomGreen-600 hover:bg-customGreen-200 [[open]>&]:bg-customGreen-200 _no-triangle grid h-10 w-10 place-items-center rounded-full cursor-pointer"
      >
        <svg
          className="h-6 w-6"
          fill="none"
          stroke="white"
          viewBox="0 0 24 24"
          xmlns="http://www.w3.org/2000/svg"
        >
          <path
            d="M4 6h16M4 12h16m-7 6h7"
            strokeLinecap="round"
            strokeLinejoin="round"
            strokeWidth="2"
          />
        </svg>
      </summary>
      <div
        className="absolute right-0 z-20 md:left-0"
      >
        <div
          className="relative top-9 w-30 rounded-md border border-gray-100 bg-white p-1 shadow-sm "
        >
          <nav>
            <ul
              className="flex flex-col gap-5 px-2 py-2.5 font-abeezee text-right"
            >
              <li>
                <a
                  href="/about-us"
                >
                  About us
                </a>
              </li>
              <li>
                <a
                  href="/projects"
                  onClick={[Function]}
                >
                  Projects
                </a>
              </li>
              <li>
                <a
                  href="/companies"
                  onClick={[Function]}
                >
                  Companies
                </a>
              </li>
              <li>
                <button
                  onClick={[Function]}
                >
                  Logout
                </button>
              </li>
              <li>
                <a
                  className="bg-customGreen-800 px-4 py-2 rounded-xl text-white"
                  href="/profile/testUser"
                  onClick={[Function]}
                >
                  Dashboard
                </a>
              </li>
            </ul>
          </nav>
        </div>
      </div>
    </details>
  </nav>
</header>
`;
