// Jest Snapshot v1, https://goo.gl/fbAQLP

exports[`Profile Page matches the snapshot 1`] = `
<header>
  <nav>
    <a
      href="/organizations"
      onClick={[Function]}
    >
      Organizations Directory
    </a>
    <a
      href="/profile/testUser"
      onClick={[Function]}
    >
      Profile
    </a>
    <button
      onClick={[Function]}
    >
      Logout
    </button>
  </nav>
</header>
`;
